// Vitest Snapshot v1, https://vitest.dev/guide/snapshot.html

exports[`renders a pokemon > renders the correct  1`] = `
<DocumentFragment>
  <div>
    Loading...
  </div>
</DocumentFragment>
`;
