// Vitest Snapshot v1, https://vitest.dev/guide/snapshot.html

exports[`renders a team > matches the snapshot 1`] = `
<DocumentFragment>
  <div
    class="teamContainer"
  >
    <div
      class="pokemonTeamDisplayBox"
    >
      <div
        class="pokemonDisplayButton"
      >
        <div
          class="pokemonCard"
        >
          <h2>
            Pikachu
          </h2>
          <img
            alt=""
            src="https://play.pokemonshowdown.com/sprites/ani/pikachu.gif"
          />
          <div
            class="pokemonID"
          >
            #0025
          </div>
          <div
            class="pokeType"
          >
            <div>
              <div
                class="pokeType PokeTypeBox"
                style="background-color: rgb(248, 208, 48);"
              >
                Electric
              </div>
            </div>
          </div>
          <button
            class="teamButton"
          >
            Remove from Team
          </button>
        </div>
      </div>
    </div>
  </div>
</DocumentFragment>
`;
